{
  "version": "1.5.0",
  "plugins_used": [
    {
      "name": "ArtifactoryDetector"
    },
    {
      "name": "AWSKeyDetector"
    },
    {
      "name": "AzureStorageKeyDetector"
    },
    {
      "name": "Base64HighEntropyString",
      "limit": 4.5
    },
    {
      "name": "BasicAuthDetector"
    },
    {
      "name": "CloudantDetector"
    },
    {
      "name": "DiscordBotTokenDetector"
    },
    {
      "name": "GitHubTokenDetector"
    },
    {
      "name": "GitLabTokenDetector"
    },
    {
      "name": "HexHighEntropyString",
      "limit": 3.0
    },
    {
      "name": "IbmCloudIamDetector"
    },
    {
      "name": "IbmCosHmacDetector"
    },
    {
      "name": "IPPublicDetector"
    },
    {
      "name": "JwtTokenDetector"
    },
    {
      "name": "KeywordDetector",
      "keyword_exclude": ""
    },
    {
      "name": "MailchimpDetector"
    },
    {
      "name": "NpmDetector"
    },
    {
      "name": "OpenAIDetector"
    },
    {
      "name": "PrivateKeyDetector"
    },
    {
      "name": "PypiTokenDetector"
    },
    {
      "name": "SendGridDetector"
    },
    {
      "name": "SlackDetector"
    },
    {
      "name": "SoftlayerDetector"
    },
    {
      "name": "SquareOAuthDetector"
    },
    {
      "name": "StripeDetector"
    },
    {
      "name": "TelegramBotTokenDetector"
    },
    {
      "name": "TwilioKeyDetector"
    }
  ],
  "filters_used": [
    {
      "path": "detect_secrets.filters.allowlist.is_line_allowlisted"
    },
    {
      "path": "detect_secrets.filters.common.is_ignored_due_to_verification_policies",
      "min_level": 2
    },
    {
      "path": "detect_secrets.filters.heuristic.is_indirect_reference"
    },
    {
      "path": "detect_secrets.filters.heuristic.is_likely_id_string"
    },
    {
      "path": "detect_secrets.filters.heuristic.is_lock_file"
    },
    {
      "path": "detect_secrets.filters.heuristic.is_not_alphanumeric_string"
    },
    {
      "path": "detect_secrets.filters.heuristic.is_potential_uuid"
    },
    {
      "path": "detect_secrets.filters.heuristic.is_prefixed_with_dollar_sign"
    },
    {
      "path": "detect_secrets.filters.heuristic.is_sequential_string"
    },
    {
      "path": "detect_secrets.filters.heuristic.is_swagger_file"
    },
    {
      "path": "detect_secrets.filters.heuristic.is_templated_secret"
    },
    {
      "path": "detect_secrets.filters.regex.should_exclude_file",
      "pattern": [
        "package-lock\\.json",
        "\\.taskmaster\\.*",
        "node_modules\\.*"
      ]
    }
  ],
  "results": {
    "backend\\src\\hmlr\\models.py": [
      {
        "type": "Secret Keyword",
        "filename": "backend\\src\\hmlr\\models.py",
        "hashed_secret": "f4e7a8740db0b7a0bfd8e63077261475f61fc2a6",
        "is_verified": false,
        "line_number": 22
      }
    ],
    "backend\\tests\\conftest.py": [
      {
        "type": "Secret Keyword",
        "filename": "backend\\tests\\conftest.py",
        "hashed_secret": "ed1f08b1fecdc7c79c56a1a749dfafd3416079c0",
        "is_verified": false,
        "line_number": 12
      }
    ],
    "backend\\tests\\test_persona_live_queries.py": [
      {
        "type": "Secret Keyword",
        "filename": "backend\\tests\\test_persona_live_queries.py",
        "hashed_secret": "ed1f08b1fecdc7c79c56a1a749dfafd3416079c0",
        "is_verified": false,
        "line_number": 17
      }
    ],
    "backend\\tests\\test_persona_use_cases.py": [
      {
        "type": "Secret Keyword",
        "filename": "backend\\tests\\test_persona_use_cases.py",
        "hashed_secret": "ed1f08b1fecdc7c79c56a1a749dfafd3416079c0",
        "is_verified": false,
        "line_number": 30
      }
    ],
    "backend\\tests\\test_suggestions_api.py": [
      {
        "type": "Secret Keyword",
        "filename": "backend\\tests\\test_suggestions_api.py",
        "hashed_secret": "ed1f08b1fecdc7c79c56a1a749dfafd3416079c0",
        "is_verified": false,
        "line_number": 11
      }
    ],
    "frontend\\app\\(authenticated)\\memories\\page.tsx": [
      {
        "type": "Secret Keyword",
        "filename": "frontend\\app\\(authenticated)\\memories\\page.tsx",
        "hashed_secret": "cf8ea787e39396d9bfe77f2e6ee0b8dfc9d7c1b1",
        "is_verified": false,
        "line_number": 61
      }
    ],
    "scripts\\cleanup_test_data.py": [
      {
        "type": "Base64 High Entropy String",
        "filename": "scripts\\cleanup_test_data.py",
        "hashed_secret": "fa989db5b5ec7dffd17527c29ec3f17778a3da53",
        "is_verified": false,
        "line_number": 10
      },
      {
        "type": "Secret Keyword",
        "filename": "scripts\\cleanup_test_data.py",
        "hashed_secret": "fa989db5b5ec7dffd17527c29ec3f17778a3da53",
        "is_verified": false,
        "line_number": 10
      }
    ]
  },
  "generated_at": "2025-12-10T19:38:31Z"
}
